A51 MACRO ASSEMBLER  SAMPLE2                                                              01/13/2026 15:26:29 PAGE     1


MACRO ASSEMBLER A51 V8.02b
OBJECT MODULE PLACED IN sample2.OBJ
ASSEMBLER INVOKED BY: C:\Keil\C51\BIN\A51.EXE sample2.A51 SET(SMALL) DEBUG EP

LOC  OBJ            LINE     SOURCE

                       1     
                       2     
                       3     
                       4                     
8100                   5                     ORG 8100H                  
                       6             
8100 909000            7                     MOV DPTR, #9000H
8103 7405              8                     MOV A, #05H
8105 F0                9                     MOVX @DPTR, A
8106 909001           10                     MOV DPTR, #9001H
8109 7409             11                     MOV A, #09H
810B F0               12                     MOVX @DPTR, A
                      13                     
                      14     
810C 909000           15                     MOV DPTR, #9000H
810F E0               16                     MOVX A, @DPTR
8110 F8               17                     MOV R0, A
                      18                     
8111 909001           19                     MOV DPTR, #9001H
8114 E0               20                     MOVX A, @DPTR
8115 F9               21                     MOV R1, A
                      22                     
8116 E8               23                     MOV A,R0
8117 F0               24                     MOVX @DPTR, A
                      25                     
8118 909000           26                     MOV DPTR, #9000H
811B E9               27                     MOV A,R1
811C F0               28                     MOVX @DPTR, A
                      29                             END
A51 MACRO ASSEMBLER  SAMPLE2                                                              01/13/2026 15:26:29 PAGE     2

SYMBOL TABLE LISTING
------ ----- -------


N A M E             T Y P E  V A L U E   ATTRIBUTES



REGISTER BANK(S) USED: 0 


ASSEMBLY COMPLETE.  0 WARNING(S), 0 ERROR(S)
